<html>
<body>
<pre>
<h1>µVision Build Log</h1>
<h2>Tool Versions:</h2>
IDE-Version: µVision V5.34.0.0
Copyright (C) 2021 ARM Ltd and ARM Germany GmbH. All rights reserved.
License Information: CSN CSN, INSA de Toulouse, LIC=----
 
Tool Versions:
Toolchain:       MDK-Lite  Version: 5.34.0.0
Toolchain Path:  C:\Keil_v5\ARM\ARMCC\Bin
C Compiler:      Armcc.exe V5.06 update 7 (build 960)
Assembler:       Armasm.exe V5.06 update 7 (build 960)
Linker/Locator:  ArmLink.exe V5.06 update 7 (build 960)
Library Manager: ArmAr.exe V5.06 update 7 (build 960)
Hex Converter:   FromElf.exe V5.06 update 7 (build 960)
CPU DLL:         SARMCM3.DLL V5.34.0.0
Dialog DLL:      DARMSTM.DLL V1.68.0.0
Target DLL:      STLink\ST-LINKIII-KEIL_SWO.dll V3.0.8.0
Dialog DLL:      TARMSTM.DLL V1.66.0.0
 
<h2>Project:</h2>
U:\Windows\Bureau\Voilier\Projet_Com_tests\Projet_Voilier.uvprojx
Project File Date:  11/25/2022

<h2>Output:</h2>
*** Using Compiler 'V5.06 update 7 (build 960)', folder: 'C:\Keil_v5\ARM\ARMCC\Bin'
Build target 'Réelle'
compiling SysTick.c...
..\MesDrivers\Include\SysTick.h(5): warning:  #1-D: last line of file ends without a newline
  void SysTick_Handler(void);
..\MesDrivers\Source\SysTick.c: 1 warning, 0 errors
compiling MyADC.c...
..\MesDrivers\Source\../Include/MyADC.h(4): warning:  #1295-D: Deprecated declaration ADC_Init - give arg types
  void ADC_Init();
..\MesDrivers\Source\../Include/MyADC.h(5): warning:  #1295-D: Deprecated declaration get_single_conversion - give arg types
  int get_single_conversion();
..\MesDrivers\Source\MyADC.c: 2 warnings, 0 errors
compiling MyGPIO.c...
compiling MyUsart.c...
compiling MyTimer.c...
compiling MySpi.c...
..\MesDrivers\Source\MySpi.c(32): warning:  #550-D: variable "temp"  was set but never used
  	uint8_t temp;
..\MesDrivers\Source\MySpi.c(93): warning:  #177-D: variable "x"  was declared but never referenced
  	int16_t x,y,z;
..\MesDrivers\Source\MySpi.c(93): warning:  #177-D: variable "y"  was declared but never referenced
  	int16_t x,y,z;
..\MesDrivers\Source\MySpi.c(93): warning:  #177-D: variable "z"  was declared but never referenced
  	int16_t x,y,z;
..\MesDrivers\Source\MySpi.c(94): warning:  #177-D: variable "rec"  was declared but never referenced
  	uint8_t rec;
..\MesDrivers\Source\MySpi.c: 5 warnings, 0 errors
compiling main.c...
..\MesDrivers\Include\MyADC.h(4): warning:  #1295-D: Deprecated declaration ADC_Init - give arg types
  void ADC_Init();
..\MesDrivers\Include\MyADC.h(5): warning:  #1295-D: Deprecated declaration get_single_conversion - give arg types
  int get_single_conversion();
..\MesDrivers\Include\SysTick.h(5): warning:  #1-D: last line of file ends without a newline
  void SysTick_Handler(void);
main.c: 3 warnings, 0 errors
assembling startup_stm32f10x_md.s...
compiling Informations.c...
compiling Batterie.c...
..\MesDrivers\Include\MyADC.h(4): warning:  #1295-D: Deprecated declaration ADC_Init - give arg types
  void ADC_Init();
..\MesDrivers\Include\MyADC.h(5): warning:  #1295-D: Deprecated declaration get_single_conversion - give arg types
  int get_single_conversion();
..\Fonctionnalités\Source\Batterie.c: 2 warnings, 0 errors
compiling system_stm32f10x.c...
linking...
Program Size: Code=1716 RO-data=268 RW-data=56 ZI-data=1632  
".\Objects\Projet_Voilier.axf" - 0 Error(s), 13 Warning(s).

<h2>Software Packages used:</h2>

Package Vendor: ARM
                http://www.keil.com/pack/ARM.CMSIS.5.7.0.pack
                ARM.CMSIS.5.7.0
                CMSIS (Cortex Microcontroller Software Interface Standard)
   * Component: CORE Version: 5.4.0

Package Vendor: Keil
                http://www.keil.com/pack/Keil.STM32F1xx_DFP.2.3.0.pack
                Keil.STM32F1xx_DFP.2.3.0
                STMicroelectronics STM32F1 Series Device Support, Drivers and Examples
   * Component: Startup Version: 1.0.0

<h2>Collection of Component include folders:</h2>
  .\RTE\Device\STM32F103RB
  .\RTE\_R_elle
  C:\Programdata\Keil\Arm\Packs\ARM\CMSIS\5.7.0\CMSIS\Core\Include
  C:\Programdata\Keil\Arm\Packs\Keil\STM32F1xx_DFP\2.3.0\Device\Include

<h2>Collection of Component Files used:</h2>

   * Component: ARM::CMSIS:CORE:5.4.0

   * Component: Keil::Device:Startup:1.0.0
      Source file:   Device\Source\system_stm32f10x.c
      Source file:   Device\Source\ARM\STM32F1xx_OPT.s
      Source file:   Device\Source\ARM\startup_stm32f10x_md.s
      Include file:  RTE_Driver\Config\RTE_Device.h
Build Time Elapsed:  00:00:02
</pre>
</body>
</html>
